
> my-app@0.1.0 build
> next build

▲ Next.js 16.1.4 (Turbopack)

npm.cmd : ⚠ The "middleware" file convention is deprecated. Please use "proxy" instead. Learn more: 
https://nextjs.org/docs/messages/middleware-to-proxy
At line:2 char:98
+ ... st-Path $log) { Remove-Item $log }; npm.cmd run build *> $log; $code= ...
+                                         ~~~~~~~~~~~~~~~~~~~~~~~~~
    + CategoryInfo          : NotSpecified: (⚠ The "middlewa...leware-to-proxy:String) [], RemoteException
    + FullyQualifiedErrorId : NativeCommandError
 
  Creating an optimized production build ...
✓ Compiled successfully in 18.8s
  Running TypeScript ...
  Collecting page data using 11 workers ...
  Generating static pages using 11 workers (0/11) ...
  Generating static pages using 11 workers (2/11) 
  Generating static pages using 11 workers (5/11) 
  Generating static pages using 11 workers (8/11) 
✓ Generating static pages using 11 workers (11/11) in 778.2ms
  Finalizing page optimization ...

Route (app)             Revalidate  Expire
┌ ○ /
├ ○ /_not-found
├ ○ /about
├ ○ /academy
├ ƒ /academy/[id]
├ ○ /journal
├ ƒ /journal/[id]
├ ○ /laboratory                 1m      1y
├ ƒ /laboratory/[slug]
├ ○ /library
├ ƒ /library/[id]
├ ○ /write
├ ƒ /write/[id]
└ ○ /write/new


ƒ Proxy (Middleware)

○  (Static)   prerendered as static content
ƒ  (Dynamic)  server-rendered on demand

